// Jest Snapshot v1, https://goo.gl/fbAQLP

exports[`loads and displays CTimePicker component 1`] = `
<div>
  <div
    class="dropdown picker time-picker"
  >
    <div
      aria-expanded="false"
      class="input-group picker-input-group"
    >
      <input
        autocomplete="off"
        class="form-control"
        placeholder="Select time"
        type="text"
      />
      <span
        class="input-group-text"
      >
        <span
          class="picker-input-group-indicator"
        >
          <span
            class="picker-input-group-icon time-picker-input-icon"
          />
        </span>
      </span>
    </div>
    <div
      aria-hidden="true"
      class="dropdown-menu"
      role="menu"
    >
      <div
        class="time-picker-body time-picker-roll"
      >
        <div
          class="time-picker-roll-col"
        >
          <div
            class="time-picker-roll-cell"
            role="button"
            tabindex="0"
          >
            0
          </div>
          <div
            class="time-picker-roll-cell"
            role="button"
            tabindex="0"
          >
            1
          </div>
          <div
            class="time-picker-roll-cell"
            role="button"
            tabindex="0"
          >
            2
          </div>
          <div
            class="time-picker-roll-cell"
            role="button"
            tabindex="0"
          >
            3
          </div>
          <div
            class="time-picker-roll-cell"
            role="button"
            tabindex="0"
          >
            4
          </div>
          <div
            class="time-picker-roll-cell"
            role="button"
            tabindex="0"
          >
            5
          </div>
          <div
            class="time-picker-roll-cell"
            role="button"
            tabindex="0"
          >
            6
          </div>
          <div
            class="time-picker-roll-cell"
            role="button"
            tabindex="0"
          >
            7
          </div>
          <div
            class="time-picker-roll-cell"
            role="button"
            tabindex="0"
          >
            8
          </div>
          <div
            class="time-picker-roll-cell"
            role="button"
            tabindex="0"
          >
            9
          </div>
          <div
            class="time-picker-roll-cell"
            role="button"
            tabindex="0"
          >
            10
          </div>
          <div
            class="time-picker-roll-cell"
            role="button"
            tabindex="0"
          >
            11
          </div>
          <div
            class="time-picker-roll-cell"
            role="button"
            tabindex="0"
          >
            12
          </div>
          <div
            class="time-picker-roll-cell"
            role="button"
            tabindex="0"
          >
            13
          </div>
          <div
            class="time-picker-roll-cell"
            role="button"
            tabindex="0"
          >
            14
          </div>
          <div
            class="time-picker-roll-cell"
            role="button"
            tabindex="0"
          >
            15
          </div>
          <div
            class="time-picker-roll-cell"
            role="button"
            tabindex="0"
          >
            16
          </div>
          <div
            class="time-picker-roll-cell"
            role="button"
            tabindex="0"
          >
            17
          </div>
          <div
            class="time-picker-roll-cell"
            role="button"
            tabindex="0"
          >
            18
          </div>
          <div
            class="time-picker-roll-cell"
            role="button"
            tabindex="0"
          >
            19
          </div>
          <div
            class="time-picker-roll-cell"
            role="button"
            tabindex="0"
          >
            20
          </div>
          <div
            class="time-picker-roll-cell"
            role="button"
            tabindex="0"
          >
            21
          </div>
          <div
            class="time-picker-roll-cell"
            role="button"
            tabindex="0"
          >
            22
          </div>
          <div
            class="time-picker-roll-cell"
            role="button"
            tabindex="0"
          >
            23
          </div>
        </div>
        <div
          class="time-picker-roll-col"
        >
          <div
            class="time-picker-roll-cell"
            role="button"
            tabindex="0"
          >
            00
          </div>
          <div
            class="time-picker-roll-cell"
            role="button"
            tabindex="0"
          >
            01
          </div>
          <div
            class="time-picker-roll-cell"
            role="button"
            tabindex="0"
          >
            02
          </div>
          <div
            class="time-picker-roll-cell"
            role="button"
            tabindex="0"
          >
            03
          </div>
          <div
            class="time-picker-roll-cell"
            role="button"
            tabindex="0"
          >
            04
          </div>
          <div
            class="time-picker-roll-cell"
            role="button"
            tabindex="0"
          >
            05
          </div>
          <div
            class="time-picker-roll-cell"
            role="button"
            tabindex="0"
          >
            06
          </div>
          <div
            class="time-picker-roll-cell"
            role="button"
            tabindex="0"
          >
            07
          </div>
          <div
            class="time-picker-roll-cell"
            role="button"
            tabindex="0"
          >
            08
          </div>
          <div
            class="time-picker-roll-cell"
            role="button"
            tabindex="0"
          >
            09
          </div>
          <div
            class="time-picker-roll-cell"
            role="button"
            tabindex="0"
          >
            10
          </div>
          <div
            class="time-picker-roll-cell"
            role="button"
            tabindex="0"
          >
            11
          </div>
          <div
            class="time-picker-roll-cell"
            role="button"
            tabindex="0"
          >
            12
          </div>
          <div
            class="time-picker-roll-cell"
            role="button"
            tabindex="0"
          >
            13
          </div>
          <div
            class="time-picker-roll-cell"
            role="button"
            tabindex="0"
          >
            14
          </div>
          <div
            class="time-picker-roll-cell"
            role="button"
            tabindex="0"
          >
            15
          </div>
          <div
            class="time-picker-roll-cell"
            role="button"
            tabindex="0"
          >
            16
          </div>
          <div
            class="time-picker-roll-cell"
            role="button"
            tabindex="0"
          >
            17
          </div>
          <div
            class="time-picker-roll-cell"
            role="button"
            tabindex="0"
          >
            18
          </div>
          <div
            class="time-picker-roll-cell"
            role="button"
            tabindex="0"
          >
            19
          </div>
          <div
            class="time-picker-roll-cell"
            role="button"
            tabindex="0"
          >
            20
          </div>
          <div
            class="time-picker-roll-cell"
            role="button"
            tabindex="0"
          >
            21
          </div>
          <div
            class="time-picker-roll-cell"
            role="button"
            tabindex="0"
          >
            22
          </div>
          <div
            class="time-picker-roll-cell"
            role="button"
            tabindex="0"
          >
            23
          </div>
          <div
            class="time-picker-roll-cell"
            role="button"
            tabindex="0"
          >
            24
          </div>
          <div
            class="time-picker-roll-cell"
            role="button"
            tabindex="0"
          >
            25
          </div>
          <div
            class="time-picker-roll-cell"
            role="button"
            tabindex="0"
          >
            26
          </div>
          <div
            class="time-picker-roll-cell"
            role="button"
            tabindex="0"
          >
            27
          </div>
          <div
            class="time-picker-roll-cell"
            role="button"
            tabindex="0"
          >
            28
          </div>
          <div
            class="time-picker-roll-cell"
            role="button"
            tabindex="0"
          >
            29
          </div>
          <div
            class="time-picker-roll-cell"
            role="button"
            tabindex="0"
          >
            30
          </div>
          <div
            class="time-picker-roll-cell"
            role="button"
            tabindex="0"
          >
            31
          </div>
          <div
            class="time-picker-roll-cell"
            role="button"
            tabindex="0"
          >
            32
          </div>
          <div
            class="time-picker-roll-cell"
            role="button"
            tabindex="0"
          >
            33
          </div>
          <div
            class="time-picker-roll-cell"
            role="button"
            tabindex="0"
          >
            34
          </div>
          <div
            class="time-picker-roll-cell"
            role="button"
            tabindex="0"
          >
            35
          </div>
          <div
            class="time-picker-roll-cell"
            role="button"
            tabindex="0"
          >
            36
          </div>
          <div
            class="time-picker-roll-cell"
            role="button"
            tabindex="0"
          >
            37
          </div>
          <div
            class="time-picker-roll-cell"
            role="button"
            tabindex="0"
          >
            38
          </div>
          <div
            class="time-picker-roll-cell"
            role="button"
            tabindex="0"
          >
            39
          </div>
          <div
            class="time-picker-roll-cell"
            role="button"
            tabindex="0"
          >
            40
          </div>
          <div
            class="time-picker-roll-cell"
            role="button"
            tabindex="0"
          >
            41
          </div>
          <div
            class="time-picker-roll-cell"
            role="button"
            tabindex="0"
          >
            42
          </div>
          <div
            class="time-picker-roll-cell"
            role="button"
            tabindex="0"
          >
            43
          </div>
          <div
            class="time-picker-roll-cell"
            role="button"
            tabindex="0"
          >
            44
          </div>
          <div
            class="time-picker-roll-cell"
            role="button"
            tabindex="0"
          >
            45
          </div>
          <div
            class="time-picker-roll-cell"
            role="button"
            tabindex="0"
          >
            46
          </div>
          <div
            class="time-picker-roll-cell"
            role="button"
            tabindex="0"
          >
            47
          </div>
          <div
            class="time-picker-roll-cell"
            role="button"
            tabindex="0"
          >
            48
          </div>
          <div
            class="time-picker-roll-cell"
            role="button"
            tabindex="0"
          >
            49
          </div>
          <div
            class="time-picker-roll-cell"
            role="button"
            tabindex="0"
          >
            50
          </div>
          <div
            class="time-picker-roll-cell"
            role="button"
            tabindex="0"
          >
            51
          </div>
          <div
            class="time-picker-roll-cell"
            role="button"
            tabindex="0"
          >
            52
          </div>
          <div
            class="time-picker-roll-cell"
            role="button"
            tabindex="0"
          >
            53
          </div>
          <div
            class="time-picker-roll-cell"
            role="button"
            tabindex="0"
          >
            54
          </div>
          <div
            class="time-picker-roll-cell"
            role="button"
            tabindex="0"
          >
            55
          </div>
          <div
            class="time-picker-roll-cell"
            role="button"
            tabindex="0"
          >
            56
          </div>
          <div
            class="time-picker-roll-cell"
            role="button"
            tabindex="0"
          >
            57
          </div>
          <div
            class="time-picker-roll-cell"
            role="button"
            tabindex="0"
          >
            58
          </div>
          <div
            class="time-picker-roll-cell"
            role="button"
            tabindex="0"
          >
            59
          </div>
        </div>
        <div
          class="time-picker-roll-col"
        >
          <div
            class="time-picker-roll-cell"
            role="button"
            tabindex="0"
          >
            00
          </div>
          <div
            class="time-picker-roll-cell"
            role="button"
            tabindex="0"
          >
            01
          </div>
          <div
            class="time-picker-roll-cell"
            role="button"
            tabindex="0"
          >
            02
          </div>
          <div
            class="time-picker-roll-cell"
            role="button"
            tabindex="0"
          >
            03
          </div>
          <div
            class="time-picker-roll-cell"
            role="button"
            tabindex="0"
          >
            04
          </div>
          <div
            class="time-picker-roll-cell"
            role="button"
            tabindex="0"
          >
            05
          </div>
          <div
            class="time-picker-roll-cell"
            role="button"
            tabindex="0"
          >
            06
          </div>
          <div
            class="time-picker-roll-cell"
            role="button"
            tabindex="0"
          >
            07
          </div>
          <div
            class="time-picker-roll-cell"
            role="button"
            tabindex="0"
          >
            08
          </div>
          <div
            class="time-picker-roll-cell"
            role="button"
            tabindex="0"
          >
            09
          </div>
          <div
            class="time-picker-roll-cell"
            role="button"
            tabindex="0"
          >
            10
          </div>
          <div
            class="time-picker-roll-cell"
            role="button"
            tabindex="0"
          >
            11
          </div>
          <div
            class="time-picker-roll-cell"
            role="button"
            tabindex="0"
          >
            12
          </div>
          <div
            class="time-picker-roll-cell"
            role="button"
            tabindex="0"
          >
            13
          </div>
          <div
            class="time-picker-roll-cell"
            role="button"
            tabindex="0"
          >
            14
          </div>
          <div
            class="time-picker-roll-cell"
            role="button"
            tabindex="0"
          >
            15
          </div>
          <div
            class="time-picker-roll-cell"
            role="button"
            tabindex="0"
          >
            16
          </div>
          <div
            class="time-picker-roll-cell"
            role="button"
            tabindex="0"
          >
            17
          </div>
          <div
            class="time-picker-roll-cell"
            role="button"
            tabindex="0"
          >
            18
          </div>
          <div
            class="time-picker-roll-cell"
            role="button"
            tabindex="0"
          >
            19
          </div>
          <div
            class="time-picker-roll-cell"
            role="button"
            tabindex="0"
          >
            20
          </div>
          <div
            class="time-picker-roll-cell"
            role="button"
            tabindex="0"
          >
            21
          </div>
          <div
            class="time-picker-roll-cell"
            role="button"
            tabindex="0"
          >
            22
          </div>
          <div
            class="time-picker-roll-cell"
            role="button"
            tabindex="0"
          >
            23
          </div>
          <div
            class="time-picker-roll-cell"
            role="button"
            tabindex="0"
          >
            24
          </div>
          <div
            class="time-picker-roll-cell"
            role="button"
            tabindex="0"
          >
            25
          </div>
          <div
            class="time-picker-roll-cell"
            role="button"
            tabindex="0"
          >
            26
          </div>
          <div
            class="time-picker-roll-cell"
            role="button"
            tabindex="0"
          >
            27
          </div>
          <div
            class="time-picker-roll-cell"
            role="button"
            tabindex="0"
          >
            28
          </div>
          <div
            class="time-picker-roll-cell"
            role="button"
            tabindex="0"
          >
            29
          </div>
          <div
            class="time-picker-roll-cell"
            role="button"
            tabindex="0"
          >
            30
          </div>
          <div
            class="time-picker-roll-cell"
            role="button"
            tabindex="0"
          >
            31
          </div>
          <div
            class="time-picker-roll-cell"
            role="button"
            tabindex="0"
          >
            32
          </div>
          <div
            class="time-picker-roll-cell"
            role="button"
            tabindex="0"
          >
            33
          </div>
          <div
            class="time-picker-roll-cell"
            role="button"
            tabindex="0"
          >
            34
          </div>
          <div
            class="time-picker-roll-cell"
            role="button"
            tabindex="0"
          >
            35
          </div>
          <div
            class="time-picker-roll-cell"
            role="button"
            tabindex="0"
          >
            36
          </div>
          <div
            class="time-picker-roll-cell"
            role="button"
            tabindex="0"
          >
            37
          </div>
          <div
            class="time-picker-roll-cell"
            role="button"
            tabindex="0"
          >
            38
          </div>
          <div
            class="time-picker-roll-cell"
            role="button"
            tabindex="0"
          >
            39
          </div>
          <div
            class="time-picker-roll-cell"
            role="button"
            tabindex="0"
          >
            40
          </div>
          <div
            class="time-picker-roll-cell"
            role="button"
            tabindex="0"
          >
            41
          </div>
          <div
            class="time-picker-roll-cell"
            role="button"
            tabindex="0"
          >
            42
          </div>
          <div
            class="time-picker-roll-cell"
            role="button"
            tabindex="0"
          >
            43
          </div>
          <div
            class="time-picker-roll-cell"
            role="button"
            tabindex="0"
          >
            44
          </div>
          <div
            class="time-picker-roll-cell"
            role="button"
            tabindex="0"
          >
            45
          </div>
          <div
            class="time-picker-roll-cell"
            role="button"
            tabindex="0"
          >
            46
          </div>
          <div
            class="time-picker-roll-cell"
            role="button"
            tabindex="0"
          >
            47
          </div>
          <div
            class="time-picker-roll-cell"
            role="button"
            tabindex="0"
          >
            48
          </div>
          <div
            class="time-picker-roll-cell"
            role="button"
            tabindex="0"
          >
            49
          </div>
          <div
            class="time-picker-roll-cell"
            role="button"
            tabindex="0"
          >
            50
          </div>
          <div
            class="time-picker-roll-cell"
            role="button"
            tabindex="0"
          >
            51
          </div>
          <div
            class="time-picker-roll-cell"
            role="button"
            tabindex="0"
          >
            52
          </div>
          <div
            class="time-picker-roll-cell"
            role="button"
            tabindex="0"
          >
            53
          </div>
          <div
            class="time-picker-roll-cell"
            role="button"
            tabindex="0"
          >
            54
          </div>
          <div
            class="time-picker-roll-cell"
            role="button"
            tabindex="0"
          >
            55
          </div>
          <div
            class="time-picker-roll-cell"
            role="button"
            tabindex="0"
          >
            56
          </div>
          <div
            class="time-picker-roll-cell"
            role="button"
            tabindex="0"
          >
            57
          </div>
          <div
            class="time-picker-roll-cell"
            role="button"
            tabindex="0"
          >
            58
          </div>
          <div
            class="time-picker-roll-cell"
            role="button"
            tabindex="0"
          >
            59
          </div>
        </div>
      </div>
      <div
        class="picker-footer"
      >
        <button
          class="btn btn-ghost-primary btn-sm"
          type="button"
        >
          Cancel
        </button>
        <button
          class="btn btn-primary btn-sm"
          type="button"
        >
          OK
        </button>
      </div>
    </div>
  </div>
</div>
`;
